
## Sweep started (fresh-2026 numeric entries, n=6..45)
- pen_in_pen n=7 (Jonathan Viquerat 2026): refined 3.078689328 (claimed 3.07866) — no find
- pen_in_pen n=8 (Jonathan Viquerat 2026): refined 3.335174341 (claimed 3.33514) — no find
- pen_in_pen n=9 (Jonathan Viquerat 2026): refined 3.449593472 (claimed 3.44956) — no find
- pen_in_pen n=10 (Jonathan Viquerat 2026): refined 3.683281578 (claimed 3.68324) — no find
- pen_in_pen n=11 (Jonathan Viquerat 2026): refined 3.797055655 (claimed 3.79704) — no find
- pen_in_pen n=12 (Jonathan Viquerat 2026): refined 3.969261018 (claimed 3.96926) — no find
- pen_in_pen n=13 (Jonathan Viquerat 2026): refined 4.065247586 (claimed 4.06523) — no find
- pen_in_pen n=14 (Grant Mowry 2026): refined 4.211163142 (claimed 4.21111) — no find
- pen_in_pen n=16 (Jonathan Viquerat 2026): refined 4.416374408 (claimed 4.41636) — no find
- pen_in_pen n=17 (Timo Berthold et al 2026): refined 4.655478113 (claimed 4.65543) — no find
- pen_in_pen n=18 (Jonathan Viquerat 2026): refined 4.775412645 (claimed 4.77541) — no find
- pen_in_pen n=19 (Ian Watson 2026): refined 4.952711274 (claimed 4.95269) — no find
- pen_in_pen n=20 (Jake Loyd 2026): refined 5.034048350 (claimed 5.03404) — no find
- pen_in_pen n=21 (Jake Loyd 2026): refined 5.156396594 (claimed 5.15638) — no find
- pen_in_pen n=22 (Grant Mowry 2026): refined 5.266474920 (claimed 5.26645) — no find
- pen_in_pen n=23 (Jake Loyd 2026): refined 5.347279465 (claimed 5.34696) — no find
- pen_in_pen n=24 (Jake Loyd 2026): refined 5.491128098 (claimed 5.49109) — no find
- pen_in_pen n=25 (Jake Loyd 2026): refined 5.581108979 (claimed 5.58099) — no find
- pen_in_pen n=26 (Bhavithran Ananthan 2026): refined 5.672373744 (claimed 5.67233) — no find
- pen_in_squ n=6 (Haowei Lin 2026): refined 3.882991428 (claimed 3.88299) — no find
- pen_in_squ n=7 (Nicolas Campailla 2026): refined 4.180370593 (claimed 4.18037) — no find
- pen_in_squ n=8 (Jonathan Viquerat 2026): refined 4.381909672 (claimed 4.38191) — no find
- pen_in_squ n=9 (Jonathan Viquerat 2026): refined 4.600341442 (claimed 4.60033) — no find
- pen_in_squ n=10 (Jonathan Viquerat 2026): refined 4.905825585 (claimed 4.90581) — no find
- pen_in_squ n=11 (Haowei Lin 2026): refined 5.115574683 (claimed 5.11556) — no find
- pen_in_squ n=12 (Timo Berthold et al 2026): refined 5.232227109 (claimed 5.23221) — no find
- pen_in_squ n=13 (Jake Loyd 2026): refined 5.521023193 (claimed 5.52102) — no find
- pen_in_squ n=14 (Jake Loyd 2026): refined 5.696593946 (claimed 5.69659) — no find
- pen_in_squ n=15 (Haowei Lin 2026): refined 5.901234122 (claimed 5.90119) — no find
- pen_in_squ n=16 (Timo Berthold et al 2026): refined 6.064599464 (claimed 6.06452) — no find
- pen_in_squ n=17 (Jonathan Viquerat 2026): refined 6.237662615 (claimed 6.23761) — no find
- pen_in_squ n=18 (Thomas Greenleaf 2026): refined 6.325657095 (claimed 6.32566) — no find
- pen_in_squ n=19 (Jake Loyd 2026): refined 6.557812502 (claimed 6.55781) — no find
- pen_in_squ n=20 (Haowei Lin 2026): refined 6.661351037 (claimed 6.66135) — no find
- pen_in_squ n=21 (Jake Loyd 2026): refined 6.853740437 (claimed 6.85368) — no find
- pen_in_squ n=22 (Haowei Lin 2026): refined 7.044475980 (claimed 7.04445) — no find
- pen_in_squ n=23 (Jake Loyd 2026): refined 7.206439294 (claimed 7.20624) — no find
- pen_in_squ n=24 (Jake Loyd 2026): refined 7.336924831 (claimed 7.3369) — no find
- pen_in_squ n=25 (Jake Loyd 2026): refined 7.453618015 (claimed 7.4536) — no find
- pen_in_hex n=6 (Nicolas Campailla 2026): refined 2.322939298 (claimed 2.32294) — no find
- pen_in_hex n=7 (Nicolas Campailla 2026): refined 2.365272267 (claimed 2.36527) — no find
- pen_in_hex n=8 (Jonathan Viquerat 2026): refined 2.719228668 (claimed 2.71923) — no find
- pen_in_hex n=9 (Nicolas Campailla 2026): refined 2.869675167 (claimed 2.86967) — no find
- pen_in_hex n=10 (Jonathan Viquerat 2026): refined 2.936643619 (claimed 2.93665) — no find
- pen_in_hex n=11 (Jonathan Viquerat 2026): refined 3.161270959 (claimed 3.16125) — no find
- pen_in_hex n=12 (Jake Loyd 2026): refined 3.214582364 (claimed 3.21458) — no find
- pen_in_hex n=13 (Jonathan Viquerat 2026): refined 3.409123536 (claimed 3.40911) — no find
- pen_in_hex n=14 (Jonathan Viquerat 2026): refined 3.466438204 (claimed 3.46643) — no find
- pen_in_hex n=15 (Jake Loyd 2026): refined 3.635035943 (claimed 3.63499) — no find
- pen_in_hex n=16 (Jonathan Viquerat 2026): refined 3.698964814 (claimed 3.69896) — no find
- pen_in_hex n=17 (Jonathan Viquerat 2026): refined 3.757736353 (claimed 3.75774) — no find
- pen_in_hex n=18 (Jake Loyd 2026): refined 3.844888498 (claimed 3.84479) — no find
- pen_in_hex n=19 (Bhavithran Ananthan 2026): refined 3.882712405 (claimed 3.88272) — no find
- pen_in_hex n=20 (Jake Loyd 2026): refined 4.140541708 (claimed 4.14048) — no find
- pen_in_hex n=21 (Jake Loyd 2026): refined 4.240170003 (claimed 4.24003) — no find
- pen_in_hex n=22 (Jake Loyd 2026): refined 4.324580063 (claimed 4.32443) — no find
- pen_in_hex n=23 (Jake Loyd 2026): refined 4.397267989 (claimed 4.39703) — no find
- pen_in_hex n=24 (Jake Loyd 2026): refined 4.463847303 (claimed 4.4636) — no find
- pen_in_hex n=25 (Jake Loyd 2026): refined 4.579378959 (claimed 4.57861) — no find
- pen_in_hex n=26 (Bhavithran Ananthan 2026): **RECORD CANDIDATE: 4.660313004 < 4.66044**
- pen_in_hex n=27 (Bhavithran Ananthan 2026): **RECORD CANDIDATE: 4.717566101 < 4.718**
- pen_in_hex n=28 (Bhavithran Ananthan 2026): **RECORD CANDIDATE: 4.843997129 < 4.8441**
- pen_in_hex n=29 (Mohamed Metwalli 2026): **RECORD CANDIDATE: 4.910037168 < 4.91275**
- pen_in_hex n=30 (Mohamed Metwalli 2026): **RECORD CANDIDATE: 4.964065503 < 4.96723**
- pen_in_hex n=31 (Bhavithran Ananthan 2026): **RECORD CANDIDATE: 5.093187066 < 5.09328**
- pen_in_oct n=6 (Nicolas Campailla 2026): refined 1.780038091 (claimed 1.78003) — no find
- pen_in_oct n=7 (Timo Berthold et al 2026): refined 1.823444730 (claimed 1.82343) — no find
- pen_in_oct n=8 (Nicolas Campailla 2026): refined 1.959891537 (claimed 1.95989) — no find
- pen_in_oct n=9 (Nicolas Campailla 2026): refined 2.095179326 (claimed 2.09517) — no find
- pen_in_oct n=10 (Timo Berthold et al 2026): refined 2.211359188 (claimed 2.21135) — no find
- pen_in_oct n=11 (Timo Berthold et al 2026): refined 2.331118210 (claimed 2.33111) — no find
- pen_in_oct n=12 (Timo Berthold et al 2026): refined 2.393401132 (claimed 2.39327) — no find
- pen_in_oct n=13 (Jake Loyd 2026): refined 2.497769986 (claimed 2.49776) — no find
- pen_in_oct n=14 (Jake Loyd 2026): refined 2.565673739 (claimed 2.56564) — no find
- pen_in_oct n=15 (Timo Berthold et al 2026): refined 2.681279607 (claimed 2.68123) — no find
- pen_in_oct n=16 (Jake Loyd 2026): refined 2.752533588 (claimed 2.75249) — no find
- pen_in_oct n=17 (Jake Loyd 2026): refined 2.810435549 (claimed 2.81043) — no find
- pen_in_oct n=18 (Jake Loyd 2026): refined 2.893228807 (claimed 2.89321) — no find
- pen_in_oct n=19 (Jake Loyd 2026): refined 2.955286910 (claimed 2.95527) — no find
- pen_in_oct n=20 (Jake Loyd 2026): refined 3.046908745 (claimed 3.04679) — no find
- pen_in_oct n=21 (Jake Loyd 2026): refined 3.118763133 (claimed 3.11874) — no find
- pen_in_oct n=22 (Jake Loyd 2026): refined 3.191451274 (claimed 3.19144) — no find
- pen_in_oct n=23 (Jake Loyd 2026): refined 3.251421359 (claimed 3.25129) — no find
- pen_in_oct n=24 (Jake Loyd 2026): refined 3.287209941 (claimed 3.28718) — no find
- pen_in_oct n=25 (Jake Loyd 2026): refined 3.366181382 (claimed 3.36617) — no find
- pen_in_oct n=26 (Jake Loyd 2026): refined 3.427766057 (claimed 3.42775) — no find
- pen_in_oct n=27 (Bhavithran Ananthan 2026): refined 3.499466847 (claimed 3.49945) — no find
- pen_in_oct n=28 (Mohamed Metwalli 2026): **RECORD CANDIDATE: 3.565751008 < 3.56685**
- pen_in_oct n=29 (Bhavithran Ananthan 2026): **RECORD CANDIDATE: 3.618964005 < 3.61924**
- pen_in_oct n=30 (Bhavithran Ananthan 2026): **RECORD CANDIDATE: 3.666780446 < 3.66702**
- pen_in_oct n=31 (Bhavithran Ananthan 2026): **RECORD CANDIDATE: 3.744162795 < 3.74457**
- oct_in_tri n=6 (Jonathan Viquerat 2026): refined 9.315772879 (claimed 9.31576) — no find
- oct_in_tri n=7 (Jonathan Viquerat 2026): refined 11.066329034 (claimed 11.06632) — no find
- oct_in_tri n=8 (Jonathan Viquerat 2026): refined 11.510257043 (claimed 11.51025) — no find
- oct_in_tri n=10 (Jonathan Viquerat 2026): refined 11.806431656 (claimed 11.80642) — no find
- oct_in_tri n=11 (Jonathan Viquerat 2026): refined 13.246899723 (claimed 13.24689) — no find
- oct_in_tri n=12 (Jonathan Viquerat 2026): refined 13.620330000 (claimed 13.62033) — no find
- oct_in_tri n=13 (Jonathan Viquerat 2026): refined 14.042264934 (claimed 14.04225) — no find
- oct_in_tri n=14 (Jonathan Viquerat 2026): **RECORD CANDIDATE: 14.239214111 < 14.24006**
- oct_in_tri n=15 (Jonathan Viquerat 2026): refined 14.281701441 (claimed 14.28169) — no find
- oct_in_tri n=16 (Jonathan Viquerat 2026): refined 15.661373335 (claimed 15.66136) — no find
- oct_in_tri n=17 (Bhavithran Ananthan 2026): refined 16.061911422 (claimed 16.06191) — no find
- oct_in_tri n=18 (Bhavithran Ananthan 2026): **RECORD CANDIDATE: 16.409792943 < 16.41137**
- oct_in_tri n=19 (Timo Berthold et al 2026): refined 16.544510947 (claimed 16.54447) — no find
- oct_in_tri n=20 (Bhavithran Ananthan 2026): refined 16.741961314 (claimed 16.74197) — no find
- oct_in_tri n=21 (Bhavithran Ananthan 2026): refined 16.785825430 (claimed 16.78582) — no find
- oct_in_tri n=22 (Bhavithran Ananthan 2026): refined 17.962384687 (claimed 17.96238) — no find
- oct_in_squ n=11 (Jonathan Viquerat 2026): refined 8.575974028 (claimed 8.57596) — no find
- oct_in_squ n=13 (Jonathan Viquerat 2026): refined 9.199281634 (claimed 9.19909) — no find
- oct_in_squ n=17 (Jonathan Viquerat 2026): refined 10.449747476 (claimed 10.44973) — no find
- oct_in_squ n=19 (Haowei Lin 2026): refined 10.966203782 (claimed 10.9662) — no find
- oct_in_pen n=6 (Jonathan Viquerat 2026): refined 4.770075575 (claimed 4.77007) — no find
- oct_in_pen n=7 (Jonathan Viquerat 2026): refined 5.255442967 (claimed 5.25544) — no find
- oct_in_pen n=8 (Jonathan Viquerat 2026): refined 5.616624671 (claimed 5.61662) — no find
- oct_in_pen n=9 (Jonathan Viquerat 2026): refined 5.965808630 (claimed 5.9658) — no find
- oct_in_pen n=10 (Jonathan Viquerat 2026): refined 6.281468856 (claimed 6.28146) — no find
- oct_in_pen n=11 (Jonathan Viquerat 2026): refined 6.465769876 (claimed 6.46576) — no find
- oct_in_pen n=12 (Jonathan Viquerat 2026): refined 6.717637144 (claimed 6.71763) — no find
- oct_in_pen n=13 (Jonathan Viquerat 2026): refined 6.970622744 (claimed 6.97062) — no find
- oct_in_pen n=14 (Jonathan Viquerat 2026): refined 7.160833005 (claimed 7.16083) — no find
- oct_in_pen n=16 (Bhavithran Ananthan 2026): refined 7.615183571 (claimed 7.61505) — no find
- oct_in_pen n=17 (Jonathan Viquerat 2026): refined 7.914219889 (claimed 7.9142) — no find
- oct_in_pen n=18 (Bhavithran Ananthan 2026): refined 8.125769538 (claimed 8.12567) — no find
- oct_in_pen n=19 (Jonathan Viquerat 2026): refined 8.343583056 (claimed 8.34358) — no find
- oct_in_pen n=20 (Bhavithran Ananthan 2026): refined 8.542026426 (claimed 8.54202) — no find
- oct_in_hex n=6 (Mohamed Metwalli 2026): **RECORD CANDIDATE: 3.947306302 < 3.9496**
- oct_in_hex n=7 (Jonathan Viquerat 2026): refined 3.977164636 (claimed 3.97716) — no find
- oct_in_hex n=8 (Jonathan Viquerat 2026): refined 4.566539504 (claimed 4.56653) — no find
- oct_in_hex n=9 (Jonathan Viquerat 2026): refined 4.933050877 (claimed 4.93304) — no find
- oct_in_hex n=10 (Jonathan Viquerat 2026): refined 5.069290642 (claimed 5.06929) — no find
- oct_in_hex n=11 (Bhavithran Ananthan 2026): refined 5.348013115 (claimed 5.34798) — no find
- oct_in_hex n=12 (Jonathan Viquerat 2026): refined 5.386697488 (claimed 5.38669) — no find
- oct_in_hex n=13 (Jonathan Viquerat 2026): refined 5.754703337 (claimed 5.7547) — no find
- oct_in_hex n=14 (Jonathan Viquerat 2026): refined 5.777523024 (claimed 5.77752) — no find
- oct_in_hex n=15 (Bhavithran Ananthan 2026): refined 6.137501856 (claimed 6.13744) — no find
- oct_in_hex n=16 (Jonathan Viquerat 2026): refined 6.214387851 (claimed 6.21438) — no find
- oct_in_hex n=17 (Jonathan Viquerat 2026): refined 6.357269013 (claimed 6.35725) — no find
- oct_in_hex n=18 (Bhavithran Ananthan 2026): refined 6.430292679 (claimed 6.43029) — no find
- oct_in_hex n=19 (Bhavithran Ananthan 2026): refined 6.446965538 (claimed 6.44696) — no find
- oct_in_hex n=20 (Bhavithran Ananthan 2026): **RECORD CANDIDATE: 6.994504805 < 6.99466**
- tri_in_oct n=6 (Ignacio Vallejo 2026): refined 0.815748793 (claimed 0.81574) — no find
- tri_in_oct n=7 (Ignacio Vallejo 2026): refined 0.924531144 (claimed 0.92453) — no find
- tri_in_oct n=8: reconstruction failed
- tri_in_oct n=9 (Grant Mowry 2026): refined 1.008713748 (claimed 1.00871) — no find
- tri_in_oct n=10: reconstruction failed
- tri_in_oct n=11 (Grant Mowry 2026): refined 1.145624094 (claimed 1.14562) — no find
- tri_in_oct n=12: reconstruction failed
- tri_in_oct n=13 (Jake Loyd 2026): refined 1.237300163 (claimed 1.23726) — no find
- tri_in_oct n=14 (Jake Loyd 2026): refined 1.276381187 (claimed 1.27629) — no find
- tri_in_oct n=15: reconstruction failed
- tri_in_oct n=16 (Jake Loyd 2026): refined 1.345660283 (claimed 1.34566) — no find
- tri_in_oct n=17 (Jake Loyd 2026): refined 1.388585158 (claimed 1.38854) — no find
- tri_in_oct n=18 (Jake Loyd 2026): refined 1.417658031 (claimed 1.41763) — no find
- tri_in_oct n=19 (Jake Loyd 2026): refined 1.466944900 (claimed 1.46678) — no find
- tri_in_oct n=20 (Jake Loyd 2026): refined 1.496901507 (claimed 1.49689) — no find
- tri_in_oct n=21 (Jake Loyd 2026): refined 1.525299844 (claimed 1.52519) — no find
- tri_in_oct n=22 (Jake Loyd 2026): refined 1.554978112 (claimed 1.55435) — no find
- tri_in_oct n=23 (Jake Loyd 2026): refined 1.583567508 (claimed 1.58348) — no find
- tri_in_oct n=24 (Jake Loyd 2026): refined 1.601962511 (claimed 1.6018) — no find
- tri_in_oct n=25 (Jake Loyd 2026): refined 1.637108100 (claimed 1.63703) — no find
- tri_in_oct n=26 (Jake Loyd 2026): refined 1.674653223 (claimed 1.67455) — no find
- tri_in_oct n=27 (Jake Loyd 2026): refined 1.707581176 (claimed 1.70616) — no find
- tri_in_oct n=28 (Jake Loyd 2026): refined 1.737964474 (claimed 1.73796) — no find
- tri_in_oct n=29 (Jake Loyd 2026): refined 1.753255540 (claimed 1.75285) — no find
- tri_in_oct n=30 (Jake Loyd 2026): refined 1.779157229 (claimed 1.77911) — no find
- tri_in_oct n=31 (Thomas Greenleaf 2026): **RECORD CANDIDATE: 1.803380229 < 1.80341**
- tri_in_oct n=32 (Thomas Greenleaf 2026): **RECORD CANDIDATE: 1.829942561 < 1.83002**
- tri_in_oct n=33 (Mohamed Metwalli 2026): **RECORD CANDIDATE: 1.852266734 < 1.85532**
- tri_in_oct n=34 (Mohamed Metwalli 2026): **RECORD CANDIDATE: 1.871723169 < 1.87179**
- tri_in_oct n=35 (Mohamed Metwalli 2026): **RECORD CANDIDATE: 1.890513581 < 1.89225**
- tri_in_oct n=36 (Mohamed Metwalli 2026): **RECORD CANDIDATE: 1.926678747 < 1.92843**
- tri_in_oct n=37 (Mohamed Metwalli 2026): **RECORD CANDIDATE: 1.956159784 < 1.95803**
- hex_in_squ n=10 (Jonathan Viquerat 2026): refined 6.104758988 (claimed 6.10469) — no find
- hex_in_squ n=11 (Maksymilian Jankowski 2026): refined 6.332259725 (claimed 6.33218) — no find
- hex_in_squ n=13 (Timo Berthold et al 2026): refined 6.755496803 (claimed 6.75549) — no find
- hex_in_squ n=15 (Maksymilian Jankowski 2026): refined 6.963673071 (claimed 6.96367) — no find
- hex_in_squ n=17 (Maksymilian Jankowski 2026): refined 7.603944207 (claimed 7.60383) — no find
- hex_in_squ n=21 (Jonathan Viquerat 2026): refined 8.381562920 (claimed 8.381) — no find
- hex_in_squ n=22 (Jonathan Viquerat 2026): refined 8.568493084 (claimed 8.568) — no find
- hex_in_squ n=24 (Jonathan Viquerat 2026): refined 8.795460783 (claimed 8.795) — no find
- hex_in_squ n=26 (Bhavithran Ananthan 2026): refined 9.220929301 (claimed 9.22085) — no find
- hex_in_squ n=27 (Thomas Greenleaf 2026): refined 9.277362310 (claimed 9.27734) — no find
- hex_in_pen n=6 (Jonathan Viquerat 2026): refined 3.549532435 (claimed 3.54952) — no find
- hex_in_pen n=7 (Jonathan Viquerat 2026): refined 3.797494114 (claimed 3.79749) — no find
- hex_in_pen n=8 (Jonathan Viquerat 2026): refined 4.149240062 (claimed 4.14917) — no find
- hex_in_pen n=9 (Jonathan Viquerat 2026): refined 4.343145123 (claimed 4.34314) — no find
- hex_in_pen n=10 (Jonathan Viquerat 2026): refined 4.558106969 (claimed 4.5581) — no find
- hex_in_pen n=11 (Bhavithran Ananthan 2026): refined 4.719595380 (claimed 4.71959) — no find
- hex_in_pen n=12 (Jonathan Viquerat 2026): refined 4.918500225 (claimed 4.9185) — no find
- hex_in_pen n=13 (Bhavithran Ananthan 2026): refined 5.101077535 (claimed 5.10107) — no find
- hex_in_pen n=14 (Jake Loyd 2026): refined 5.292070328 (claimed 5.29198) — no find
- hex_in_pen n=15 (Jake Loyd 2026): refined 5.413392121 (claimed 5.41337) — no find
- hex_in_pen n=16 (Jake Loyd 2026): refined 5.614388800 (claimed 5.61409) — no find
- hex_in_pen n=17 (Jake Loyd 2026): refined 5.821353626 (claimed 5.82103) — no find
- hex_in_pen n=18 (Jonathan Viquerat 2026): refined 5.944819924 (claimed 5.94471) — no find
- hex_in_pen n=19 (Jonathan Viquerat 2026): refined 6.109899105 (claimed 6.10977) — no find
- hex_in_pen n=20 (Jake Loyd 2026): refined 6.246996119 (claimed 6.24667) — no find
- hex_in_pen n=21 (Jonathan Viquerat 2026): refined 6.392228700 (claimed 6.39222) — no find
- hex_in_pen n=22 (Bhavithran Ananthan 2026): refined 6.534725574 (claimed 6.53472) — no find
- hex_in_pen n=23 (Jake Loyd 2026): refined 6.662742960 (claimed 6.66271) — no find
- hex_in_pen n=24 (Jake Loyd 2026): refined 6.774943924 (claimed 6.77466) — no find
- hex_in_pen n=25 (Jonathan Viquerat 2026): refined 6.890990032 (claimed 6.891) — no find
- hex_in_pen n=26 (Bhavithran Ananthan 2026): refined 7.047574214 (claimed 7.04758) — no find
- hex_in_pen n=27 (Bhavithran Ananthan 2026): **RECORD CANDIDATE: 7.153071449 < 7.15354**
- hex_in_pen n=28 (Bhavithran Ananthan 2026): refined 7.248391586 (claimed 7.24834) — no find
- hex_in_pen n=29 (Bhavithran Ananthan 2026): refined 7.379042906 (claimed 7.37905) — no find
- hex_in_pen n=30 (Mohamed Metwalli 2026): **RECORD CANDIDATE: 7.459853597 < 7.46147**
- hex_in_pen n=31 (Bhavithran Ananthan 2026): refined 7.632832603 (claimed 7.63264) — no find
- hex_in_pen n=32 (Bhavithran Ananthan 2026): **RECORD CANDIDATE: 7.766495222 < 7.76651**
- hex_in_oct n=6 (Nicolas Campailla 2026): refined 2.164402515 (claimed 2.16435) — no find
- hex_in_oct n=7 (Jonathan Viquerat 2026): refined 2.182843621 (claimed 2.18284) — no find
- hex_in_oct n=8 (Jonathan Viquerat 2026): refined 2.407921900 (claimed 2.40792) — no find
- hex_in_oct n=9 (Jonathan Viquerat 2026): refined 2.626656349 (claimed 2.62665) — no find
- hex_in_oct n=10 (Jonathan Viquerat 2026): refined 2.742383394 (claimed 2.74238) — no find
- hex_in_oct n=12 (Timo Berthold et al 2026): refined 2.921401871 (claimed 2.92139) — no find
- hex_in_oct n=13 (Jonathan Viquerat 2026): refined 3.072014050 (claimed 3.07201) — no find
- hex_in_oct n=14 (Jonathan Viquerat 2026): refined 3.134757089 (claimed 3.13475) — no find
- hex_in_oct n=15 (Timo Berthold et al 2026): refined 3.283847389 (claimed 3.28379) — no find
- hex_in_oct n=16 (Timo Berthold et al 2026): refined 3.370253197 (claimed 3.37007) — no find
- hex_in_oct n=17 (Jake Loyd 2026): refined 3.476713309 (claimed 3.47655) — no find
- hex_in_oct n=18 (Timo Berthold et al 2026): refined 3.560109508 (claimed 3.56008) — no find
- hex_in_oct n=20 (Jonathan Viquerat 2026): refined 3.726081992 (claimed 3.72606) — no find
- hex_in_oct n=21 (Bhavithran Ananthan 2026): refined 3.810154534 (claimed 3.81013) — no find
- hex_in_oct n=22 (Thomas Greenleaf 2026): refined 3.919206460 (claimed 3.91915) — no find
## Sweep complete
