
## Sweep started (fresh-2026 numeric entries, n=6..45)
- squ_in_tri n=20 (Haowei Lin July 2026): refined 7.618618701 (claimed 7.61695) — no find
- squ_in_tri n=22 (Markus Vesterinen May 2026): closed form: 7+2/3*sqrt(3) = 8.154700538379
- squ_in_tri n=37: reconstruction failed
- squ_in_tri n=38: refine invalid
- squ_in_tri n=39 (Bhavithran Ananthan July 2026): closed form: 8+4/3*sqrt(3) = 10.309401076759
- squ_in_tri n=40 (Bhavithran Ananthan July 2026): closed form: 7+2/1*sqrt(3) = 10.464101615138
- squ_in_tri n=41 (Haowei Lin July 2026): **RECORD CANDIDATE: 10.618802170 < 10.61923**  closed form: 6+8/3*sqrt(3) = 10.618802153517
- squ_in_tri n=42 (Haowei Lin July 2026): **RECORD CANDIDATE: 10.618802157 < 10.61956**  closed form: 6+8/3*sqrt(3) = 10.618802153517
- squ_in_tri n=43 (Haowei Lin July 2026): **RECORD CANDIDATE: 10.773502699 < 10.77405**  closed form: 5+10/3*sqrt(3) = 10.773502691896
- squ_in_pen n=9 (Timo Berthold et al January 2026): refined 2.693974389 (claimed 2.693) — no find
- squ_in_pen n=10 (Timo Berthold et al January 2026): refined 2.793235659 (claimed 2.793) — no find
- squ_in_pen n=11 (Timo Berthold et al January 2026): refined 2.890797295 (claimed 2.89) — no find
- squ_in_pen n=12 (Timo Berthold et al January 2026): refined 2.969697186 (claimed 2.969) — no find
- squ_in_pen n=13 (Jake Loyd June 2026): refined 3.120749843 (claimed 3.12074) — no find
- squ_in_pen n=16 (Jonathan Viquerat May 2026): refined 3.478509029 (claimed 3.47851) — no find
- squ_in_pen n=17 (Ignacio Vallejo March 2026): refined 3.541234215 (claimed 3.541) — no find
- squ_in_pen n=18 (Haowei Lin July 2026): refined 3.626006292 (claimed 3.62598) — no find
- squ_in_pen n=19 (Jake Loyd June 2026): refined 3.709184335 (claimed 3.70918) — no find
- squ_in_pen n=20 (Jake Loyd June 2026): refined 3.798109708 (claimed 3.79775) — no find
- squ_in_pen n=21 (Jake Loyd June 2026): refined 3.863776944 (claimed 3.86365) — no find
- squ_in_pen n=22 (Jake Loyd June 2026): refined 3.933490774 (claimed 3.93347) — no find
- squ_in_pen n=23 (Jake Loyd June 2026): refined 4.001132908 (claimed 4.00109) — no find
- squ_in_pen n=24 (Jake Loyd June 2026): refined 4.101440739 (claimed 4.10103) — no find
- squ_in_pen n=25 (Jake Loyd June 2026): refined 4.167485977 (claimed 4.16727) — no find
- squ_in_pen n=26 (Jake Loyd June 2026): refined 4.221666148 (claimed 4.2215) — no find
- squ_in_pen n=27 (Jake Loyd June 2026): refined 4.348518566 (claimed 4.34851) — no find
- squ_in_pen n=28 (Jake Loyd June 2026): refined 4.415868759 (claimed 4.41576) — no find
- squ_in_pen n=29 (Jake Loyd June 2026): refined 4.498885531 (claimed 4.49879) — no find
- squ_in_pen n=30 (Jake Loyd June 2026): refined 4.547630236 (claimed 4.54753) — no find
- squ_in_pen n=31 (Jake Loyd June 2026): refined 4.624124953 (claimed 4.62404) — no find
- squ_in_pen n=32 (Jake Loyd June 2026): refined 4.700081020 (claimed 4.7) — no find
- squ_in_pen n=33 (Jake Loyd June 2026): refined 4.753440863 (claimed 4.75331) — no find
- squ_in_pen n=34 (Jake Loyd June 2026): refined 4.813576641 (claimed 4.81345) — no find
- squ_in_pen n=35 (Jake Loyd June 2026): refined 4.862926211 (claimed 4.86283) — no find
- squ_in_pen n=36 (Jake Loyd June 2026): refined 4.931525173 (claimed 4.93131) — no find
- squ_in_pen n=37 (Jake Loyd June 2026): refined 4.978037664 (claimed 4.97801) — no find
- squ_in_pen n=38 (Jake Loyd June 2026): refined 5.048455863 (claimed 5.04838) — no find
- squ_in_pen n=39 (Jake Loyd June 2026): refined 5.137335583 (claimed 5.13653) — no find
- squ_in_pen n=40 (Jake Loyd June 2026): refined 5.168573701 (claimed 5.16849) — no find
- tri_in_pen n=6 (Dominik Kamp 2026): refined 1.393618418 (claimed 1.393) — no find
- tri_in_pen n=10 (Timo Berthold et al 2026): refined 1.815967369 (claimed 1.815) — no find
- tri_in_pen n=11 (Timo Berthold et al 2026): refined 1.871865045 (claimed 1.871) — no find
- tri_in_pen n=12 (Ignacio Vallejo 2026): refined 1.973299205 (claimed 1.973) — no find
- tri_in_pen n=13 (Timo Berthold et al 2026): refined 2.017603344 (claimed 2.017) — no find
- tri_in_pen n=14 (Ignacio Vallejo 2026): refined 2.088506521 (claimed 2.088) — no find
- tri_in_pen n=15 (Ignacio Vallejo 2026): refined 2.123195316 (claimed 2.123) — no find
- tri_in_pen n=16 (Jake Loyd 2026): refined 2.175994199 (claimed 2.17596) — no find
- tri_in_pen n=17 (Jake Loyd 2026): refined 2.236643161 (claimed 2.23656) — no find
- tri_in_pen n=18 (Jake Loyd 2026): refined 2.293875943 (claimed 2.29381) — no find
- tri_in_pen n=19 (Ignacio Vallejo 2026): refined 2.344137632 (claimed 2.344) — no find
- tri_in_pen n=20 (Jake Loyd 2026): refined 2.433445860 (claimed 2.43345) — no find
- tri_in_pen n=21 (Ignacio Vallejo 2026): refined 2.479171003 (claimed 2.479) — no find
- tri_in_pen n=22 (Ian Watson 2026): refined 2.567415295 (claimed 2.5674) — no find
- tri_in_pen n=23 (Jake Loyd 2026): refined 2.618340596 (claimed 2.61825) — no find
- tri_in_pen n=24 (Ian Watson 2026): refined 2.666446183 (claimed 2.66641) — no find
- tri_in_pen n=25 (Jake Loyd 2026): refined 2.718630075 (claimed 2.7186) — no find
- tri_in_pen n=26 (Jake Loyd 2026): refined 2.768675606 (claimed 2.76865) — no find
- tri_in_pen n=27 (Jake Loyd 2026): refined 2.817445223 (claimed 2.81741) — no find
- tri_in_pen n=28 (Ignacio Vallejo 2026): **RECORD CANDIDATE: 2.866364406 < 2.868**
- tri_in_pen n=29 (Ignacio Vallejo 2026): **RECORD CANDIDATE: 2.902407086 < 2.903**
- tri_in_pen n=30 (Jake Loyd 2026): **RECORD CANDIDATE: 2.950141785 < 2.9502**
- tri_in_pen n=31 (Jake Loyd 2026): refined 2.983789738 (claimed 2.98366) — no find
- tri_in_pen n=32 (Jake Loyd 2026): refined 3.026891111 (claimed 3.02686) — no find
- tri_in_pen n=33 (Jake Loyd 2026): refined 3.065838584 (claimed 3.06583) — no find
- tri_in_pen n=34 (Emerson Connelly 2026): **RECORD CANDIDATE: 3.110731485 < 3.114**
- tri_in_pen n=35 (Emerson Connelly 2026): **RECORD CANDIDATE: 3.148433016 < 3.15**
- tri_in_pen n=36 (Emerson Connelly 2026): **RECORD CANDIDATE: 3.174730905 < 3.177**
- tri_in_pen n=37 (Jake Loyd 2026): refined 3.211333140 (claimed 3.2112) — no find
- tri_in_pen n=38 (Jake Loyd 2026): refined 3.248800802 (claimed 3.24851) — no find
- tri_in_pen n=39 (Jake Loyd 2026): refined 3.292219709 (claimed 3.29219) — no find
- tri_in_pen n=40 (Jake Loyd 2026): refined 3.326131895 (claimed 3.32605) — no find
- tri_in_pen n=41 (Thomas Greenleaf 2026): refined 3.367476587 (claimed 3.3674) — no find
- tri_in_pen n=42 (Thomas Greenleaf 2026): **RECORD CANDIDATE: 3.425057336 < 3.42525**
- tri_in_pen n=43 (Thomas Greenleaf 2026): **RECORD CANDIDATE: 3.464382078 < 3.46441**
- tri_in_pen n=44 (Derek Wu 2026): refined 3.521433884 (claimed 3.5214) — no find
- tri_in_pen n=45: refine invalid
- tri_in_hex n=10: reconstruction failed
- tri_in_hex n=12: reconstruction failed
- tri_in_hex n=19 (Alex Adrián Nieto 2026): refined 1.953942435 (claimed 1.953) — no find
- tri_in_hex n=20 (Aaden Abraham 2026): refined 1.976040619 (claimed 1.97591) — no find
- tri_in_hex n=21 (Haowei Lin 2026): refined 1.999195854 (claimed 1.99869) — no find
- tri_in_hex n=26 (Ian Watson 2026): refined 2.219920312 (claimed 2.21991) — no find
- tri_in_hex n=27 (Haowei Lin 2026): refined 2.295509941 (claimed 2.2954) — no find
- tri_in_hex n=28 (Jake Loyd 2026): refined 2.322606627 (claimed 2.32251) — no find
- tri_in_hex n=32 (Haowei Lin 2026): refined 2.461243083 (claimed 2.46104) — no find
- tri_in_hex n=33 (Jake Loyd 2026): refined 2.490381657 (claimed 2.49038) — no find
- tri_in_hex n=36 (Thomas Greenleaf 2026): **RECORD CANDIDATE: 2.583078120 < 2.58309**
- tri_in_hex n=37 (Jake Loyd 2026): refined 2.614471622 (claimed 2.61436) — no find
- tri_in_hex n=38 (Jake Loyd 2026): refined 2.660205302 (claimed 2.65998) — no find
- tri_in_hex n=40 (Jake Loyd 2026): refined 2.711322023 (claimed 2.71131) — no find
- tri_in_hex n=41 (Jake Loyd 2026): refined 2.737286439 (claimed 2.73692) — no find
- squ_in_oct n=8 (Grant Mowry May 2026): refined 1.569627976 (claimed 1.56962) — no find
- squ_in_oct n=10 (Timo Berthold et al May 2026): refined 1.681819285 (claimed 1.68171) — no find
- squ_in_oct n=11 (Jonathan Viquerat May 2026): refined 1.731525245 (claimed 1.73152) — no find
- squ_in_oct n=13 (Grant Mowry May 2026): refined 1.896754173 (claimed 1.89674) — no find
- squ_in_oct n=14 (Timo Berthold et al May 2026): refined 1.983057990 (claimed 1.98302) — no find
- squ_in_oct n=15 (Jonathan Viquerat May 2026): refined 2.032396932 (claimed 2.03168) — no find
- squ_in_oct n=18 (Timo Berthold et al May 2026): refined 2.167410948 (claimed 2.16732) — no find
- squ_in_oct n=19 (Jake Loyd May 2026): refined 2.224691959 (claimed 2.22435) — no find
- squ_in_oct n=20 (Jake Loyd May 2026): refined 2.286537425 (claimed 2.28598) — no find
- squ_in_oct n=22 (Jake Loyd May 2026): refined 2.415775766 (claimed 2.41575) — no find
- squ_in_oct n=23 (Jake Loyd May 2026): refined 2.468798661 (claimed 2.46879) — no find
- squ_in_oct n=26 (Jake Loyd May 2026): **RECORD CANDIDATE: 2.527094996 < 2.52711**
- squ_in_oct n=27 (Jake Loyd May 2026): refined 2.586571749 (claimed 2.58584) — no find
- squ_in_oct n=28 (Jake Loyd May 2026): refined 2.627885806 (claimed 2.62788) — no find
- squ_in_oct n=29 (Jake Loyd May 2026): refined 2.705614282 (claimed 2.70553) — no find
- squ_in_oct n=31 (Mohamed Metwalli June 2026): **RECORD CANDIDATE: 2.784280735 < 2.7857**
- squ_in_oct n=32 (Mohamed Metwalli June 2026): **RECORD CANDIDATE: 2.839808692 < 2.84222**
- squ_in_oct n=33 (Mohamed Metwalli June 2026): **RECORD CANDIDATE: 2.859036377 < 2.8629**
- squ_in_oct n=35 (Mohamed Metwalli June 2026): **RECORD CANDIDATE: 2.906795194 < 2.91052**
- squ_in_oct n=36 (Mohamed Metwalli June 2026): **RECORD CANDIDATE: 2.928787640 < 2.92919**
- squ_in_oct n=37 (Mohamed Metwalli June 2026): **RECORD CANDIDATE: 2.928996156 < 2.92926**
- squ_in_oct n=38 (Mohamed Metwalli June 2026): **RECORD CANDIDATE: 3.021130179 < 3.02321**
- squ_in_oct n=39 (Mohamed Metwalli June 2026): **RECORD CANDIDATE: 3.084443082 < 3.08686**
- squ_in_oct n=40 (Mohamed Metwalli June 2026): **RECORD CANDIDATE: 3.142017577 < 3.14545**
- hex_in_hex n=14 (Dominik Kamp April 2026): refined 4.268995140 (claimed 4.26899) — no find
- hex_in_hex n=15 (Alex Kravatsky et al February 2026): refined 4.447271181 (claimed 4.44727) — no find
- hex_in_hex n=16 (Alex Kravatsky et al February 2026): refined 4.527508076 (claimed 4.52746) — no find
- hex_in_hex n=17 (Alex Kravatsky et al February 2026): refined 4.613616200 (claimed 4.6136) — no find
- hex_in_hex n=23 (Jonathan Viquerat June 2026): refined 5.400000006 (claimed 5.39998) — no find
- hex_in_hex n=25 (Alex Kravatsky et al February 2026): refined 5.623931683 (claimed 5.6239) — no find
- hex_in_hex n=26 (Alex Kravatsky et al February 2026): refined 5.709808154 (claimed 5.70972) — no find
- hex_in_hex n=27 (Alex Kravatsky et al February 2026): refined 5.714146599 (claimed 5.71415) — no find
- hex_in_hex n=28 (Alex Kravatsky et al February 2026): refined 5.908957689 (claimed 5.90893) — no find
- hex_in_hex n=32 (Bhavithran Ananthan July 2026): **RECORD CANDIDATE: 6.260881958 < 6.26164**
- hex_in_hex n=33 (Thomas Greenleaf June 2026): **RECORD CANDIDATE: 6.265896788 < 6.26603**
- tri_in_squ n=12: GIF not found, skipped
- tri_in_squ n=15: GIF not found, skipped
- tri_in_squ n=16: GIF not found, skipped
- tri_in_squ n=19: GIF not found, skipped
- tri_in_squ n=20: GIF not found, skipped
- tri_in_squ n=21: GIF not found, skipped
- tri_in_squ n=22: GIF not found, skipped
- tri_in_squ n=23: GIF not found, skipped
- tri_in_squ n=24: GIF not found, skipped
- tri_in_squ n=27: GIF not found, skipped
- tri_in_squ n=28: GIF not found, skipped
- tri_in_squ n=29: GIF not found, skipped
- tri_in_squ n=30: GIF not found, skipped
- tri_in_squ n=31: GIF not found, skipped
- tri_in_squ n=32: GIF not found, skipped
- tri_in_squ n=33: GIF not found, skipped
- tri_in_squ n=34: GIF not found, skipped
- tri_in_squ n=35: GIF not found, skipped
- tri_in_squ n=36: GIF not found, skipped
- tri_in_squ n=37: GIF not found, skipped
- tri_in_squ n=38: GIF not found, skipped
- tri_in_squ n=39: GIF not found, skipped
- tri_in_squ n=40: GIF not found, skipped
- tri_in_squ n=41: GIF not found, skipped
- tri_in_squ n=42: GIF not found, skipped
- tri_in_squ n=43: GIF not found, skipped
- tri_in_squ n=44: GIF not found, skipped
- tri_in_squ n=45: GIF not found, skipped
- squ_in_hex n=6: GIF not found, skipped
- squ_in_hex n=8: GIF not found, skipped
- squ_in_hex n=11: GIF not found, skipped
- squ_in_hex n=13: GIF not found, skipped
- squ_in_hex n=14: GIF not found, skipped
- squ_in_hex n=15: GIF not found, skipped
- squ_in_hex n=16: GIF not found, skipped
- squ_in_hex n=17: GIF not found, skipped
- squ_in_hex n=18: GIF not found, skipped
- squ_in_hex n=19: GIF not found, skipped
- squ_in_hex n=20: GIF not found, skipped
- squ_in_hex n=22: GIF not found, skipped
- squ_in_hex n=23: GIF not found, skipped
- squ_in_hex n=24: GIF not found, skipped
- squ_in_hex n=26: GIF not found, skipped
- squ_in_hex n=28: GIF not found, skipped
- squ_in_hex n=29: GIF not found, skipped
- squ_in_hex n=30: GIF not found, skipped
- squ_in_hex n=31: GIF not found, skipped
- squ_in_hex n=32: GIF not found, skipped
- squ_in_hex n=33: GIF not found, skipped
- squ_in_hex n=34: GIF not found, skipped
- squ_in_hex n=35: GIF not found, skipped
- squ_in_hex n=36: GIF not found, skipped
- squ_in_hex n=38: GIF not found, skipped
- squ_in_hex n=39: GIF not found, skipped
- squ_in_hex n=40: GIF not found, skipped
## Sweep complete
